--------- beginning of main
06-14 13:42:39.409   832   847 E HeatmapThread: ECT Thread time in milliseconds: 1781424759
06-14 13:42:39.411   832   847 E HeatmapThread: !@ CAM New BSOH: 98
06-14 13:42:40.408   832   847 E HeatmapThread: ECT Thread time in milliseconds: 1781424760
06-14 13:42:40.412   832   847 E HeatmapThread: !@ CAM New BSOH: 98
06-14 13:42:41.003   848   848 E CompositionEngine: [Wallpaper BBQ wrapper 5_system#85] Invalid device requested composition type change: Device (2) --> Device (2)
06-14 13:42:41.004   848   848 E CompositionEngine: [bitpit.launcher/bitpit.launcher.ui.HomeActivity$_20843#373873] Invalid device requested composition type change: Device (2) --> Device (2)
06-14 13:42:41.004   848   848 E CompositionEngine: [StatusBar$_1661#102] Invalid device requested composition type change: Device (2) --> Device (2)
06-14 13:42:41.004   848   848 E CompositionEngine: [com.sec.android.app.launcher/com.samsung.app.honeyspace.edge.edgepanel.app.CocktailBarService$_2210#373883] Invalid device requested composition type change: Device (2) --> Device (2)
06-14 13:42:41.004   848   848 E CompositionEngine: [NavigationBar0$_1661#98] Invalid device requested composition type change: Device (2) --> Device (2)
06-14 13:42:41.409   832   847 E HeatmapThread: ECT Thread time in milliseconds: 1781424761
06-14 13:42:41.416   832   847 E HeatmapThread: !@ CAM New BSOH: 98
06-14 13:42:42.409   832   847 E HeatmapThread: ECT Thread time in milliseconds: 1781424762
06-14 13:42:42.413   832   847 E HeatmapThread: !@ CAM New BSOH: 98
06-14 13:42:43.409   832   847 E HeatmapThread: ECT Thread time in milliseconds: 1781424763
06-14 13:42:43.417   832   847 E HeatmapThread: !@ CAM New BSOH: 98
06-14 13:42:43.826 20796 21067 E Routine@Core[4.9.04.20]: WearNodeHelper: getConnectedNearlyNodes: ExecutionException - java.util.concurrent.ExecutionException: com.google.android.gms.common.api.ApiException: 17: API: Wearable.API is not available on this device. Connection failed with: ConnectionResult{statusCode=API_UNAVAILABLE, resolution=null, message=null}
06-14 13:42:43.840 20796 21067 E Routine@Core[4.9.04.20]: WearNodeManagerImpl: getNodeId: exception - com.google.android.gms.common.api.ApiException: 17: API: Wearable.API is not available on this device. Connection failed with: ConnectionResult{statusCode=API_UNAVAILABLE, resolution=null, message=null}
06-14 13:42:43.923 20796 21066 E Routine@Core[4.9.04.20]: ResultCode.FailCustomCode: fromValidState: failed to parse. validState=0x1
06-14 13:42:44.408   832   847 E HeatmapThread: ECT Thread time in milliseconds: 1781424764
06-14 13:42:44.412   832   847 E HeatmapThread: !@ CAM New BSOH: 98
06-14 13:42:44.981   791   831 E BatteryDump: !@new_battery_dump : 4061,237,475,550,69,330,330,386,0,0,353,386,0,Charging,NO_CHARGING,Normal,Good,USB,1,Normal,0,0,9416,0x0,0x10000,0x0,0,0,0,v0004,0,0/0-0-0-0,0000,0000,00000000,0,0,0,0,0,0,89,40510,6802,972,0,
06-14 13:42:45.087   848   848 E CompositionEngine: [Wallpaper BBQ wrapper 5_system#85] Invalid device requested composition type change: Device (2) --> Device (2)
06-14 13:42:45.087   848   848 E CompositionEngine: [bitpit.launcher/bitpit.launcher.ui.HomeActivity$_20843#373873] Invalid device requested composition type change: Device (2) --> Device (2)
06-14 13:42:45.087   848   848 E CompositionEngine: [StatusBar$_1661#102] Invalid device requested composition type change: Device (2) --> Device (2)
06-14 13:42:45.087   848   848 E CompositionEngine: [com.sec.android.app.launcher/com.samsung.app.honeyspace.edge.edgepanel.app.CocktailBarService$_2210#373883] Invalid device requested composition type change: Device (2) --> Device (2)
06-14 13:42:45.087   848   848 E CompositionEngine: [NavigationBar0$_1661#98] Invalid device requested composition type change: Device (2) --> Device (2)
06-14 13:42:45.409   832   847 E HeatmapThread: ECT Thread time in milliseconds: 1781424765
06-14 13:42:45.415   832   847 E HeatmapThread: !@ CAM New BSOH: 98
06-14 13:42:46.409   832   847 E HeatmapThread: ECT Thread time in milliseconds: 1781424766
06-14 13:42:46.417   832   847 E HeatmapThread: !@ CAM New BSOH: 98
06-14 13:42:47.409   832   847 E HeatmapThread: ECT Thread time in milliseconds: 1781424767
06-14 13:42:47.418   832   847 E HeatmapThread: !@ CAM New BSOH: 98
06-14 13:42:48.409   832   847 E HeatmapThread: ECT Thread time in milliseconds: 1781424768
06-14 13:42:48.418   832   847 E HeatmapThread: !@ CAM New BSOH: 98
06-14 13:42:49.409   832   847 E HeatmapThread: ECT Thread time in milliseconds: 1781424769
06-14 13:42:49.417   832   847 E HeatmapThread: !@ CAM New BSOH: 98
06-14 13:42:50.088   848   848 E CompositionEngine: [Wallpaper BBQ wrapper 5_system#85] Invalid device requested composition type change: Device (2) --> Device (2)
06-14 13:42:50.088   848   848 E CompositionEngine: [bitpit.launcher/bitpit.launcher.ui.HomeActivity$_20843#373873] Invalid device requested composition type change: Device (2) --> Device (2)
06-14 13:42:50.088   848   848 E CompositionEngine: [StatusBar$_1661#102] Invalid device requested composition type change: Device (2) --> Device (2)
06-14 13:42:50.088   848   848 E CompositionEngine: [com.sec.android.app.launcher/com.samsung.app.honeyspace.edge.edgepanel.app.CocktailBarService$_2210#373883] Invalid device requested composition type change: Device (2) --> Device (2)
06-14 13:42:50.088   848   848 E CompositionEngine: [NavigationBar0$_1661#98] Invalid device requested composition type change: Device (2) --> Device (2)
06-14 13:42:50.408   832   847 E HeatmapThread: ECT Thread time in milliseconds: 1781424770
06-14 13:42:50.414   832   847 E HeatmapThread: !@ CAM New BSOH: 98
06-14 13:42:51.409   832   847 E HeatmapThread: ECT Thread time in milliseconds: 1781424771
06-14 13:42:51.416   832   847 E HeatmapThread: !@ CAM New BSOH: 98
06-14 13:42:52.408   832   847 E HeatmapThread: ECT Thread time in milliseconds: 1781424772
06-14 13:42:52.415   832   847 E HeatmapThread: !@ CAM New BSOH: 98
06-14 13:42:53.409   832   847 E HeatmapThread: ECT Thread time in milliseconds: 1781424773
06-14 13:42:53.416   832   847 E HeatmapThread: !@ CAM New BSOH: 98
06-14 13:42:54.409   832   847 E HeatmapThread: ECT Thread time in milliseconds: 1781424774
06-14 13:42:54.414   832   847 E HeatmapThread: !@ CAM New BSOH: 98
06-14 13:42:55.073   791   831 E BatteryDump: !@new_battery_dump : 4064,367,475,550,69,330,330,375,0,0,355,375,0,Charging,NO_CHARGING,Normal,Good,USB,1,Normal,0,0,9416,0x0,0x10000,0x0,0,0,0,v0004,0,0/0-0-0-0,0000,0000,00000000,0,0,0,0,0,0,89,40510,6805,972,0,
06-14 13:42:55.409   832   847 E HeatmapThread: ECT Thread time in milliseconds: 1781424775
06-14 13:42:55.414   832   847 E HeatmapThread: !@ CAM New BSOH: 98
06-14 13:42:56.137   848   848 E CompositionEngine: [Wallpaper BBQ wrapper 5_system#85] Invalid device requested composition type change: Device (2) --> Device (2)
06-14 13:42:56.137   848   848 E CompositionEngine: [bitpit.launcher/bitpit.launcher.ui.HomeActivity$_20843#373873] Invalid device requested composition type change: Device (2) --> Device (2)
06-14 13:42:56.137   848   848 E CompositionEngine: [StatusBar$_1661#102] Invalid device requested composition type change: Device (2) --> Device (2)
06-14 13:42:56.137   848   848 E CompositionEngine: [com.sec.android.app.launcher/com.samsung.app.honeyspace.edge.edgepanel.app.CocktailBarService$_2210#373883] Invalid device requested composition type change: Device (2) --> Device (2)
06-14 13:42:56.137   848   848 E CompositionEngine: [NavigationBar0$_1661#98] Invalid device requested composition type change: Device (2) --> Device (2)
06-14 13:42:56.409   832   847 E HeatmapThread: ECT Thread time in milliseconds: 1781424776
06-14 13:42:56.416   832   847 E HeatmapThread: !@ CAM New BSOH: 98
06-14 13:42:57.409   832   847 E HeatmapThread: ECT Thread time in milliseconds: 1781424777
06-14 13:42:57.415   832   847 E HeatmapThread: !@ CAM New BSOH: 98
06-14 13:42:58.408   832   847 E HeatmapThread: ECT Thread time in milliseconds: 1781424778
06-14 13:42:58.411   832   847 E HeatmapThread: !@ CAM New BSOH: 98
06-14 13:42:59.408   832   847 E HeatmapThread: ECT Thread time in milliseconds: 1781424779
06-14 13:42:59.412   832   847 E HeatmapThread: !@ CAM New BSOH: 98
06-14 13:43:00.073   848   848 E CompositionEngine: [Wallpaper BBQ wrapper 5_system#85] Invalid device requested composition type change: Device (2) --> Device (2)
06-14 13:43:00.073   848   848 E CompositionEngine: [bitpit.launcher/bitpit.launcher.ui.HomeActivity$_20843#373873] Invalid device requested composition type change: Device (2) --> Device (2)
06-14 13:43:00.073   848   848 E CompositionEngine: [StatusBar$_1661#102] Invalid device requested composition type change: Device (2) --> Device (2)
06-14 13:43:00.073   848   848 E CompositionEngine: [com.sec.android.app.launcher/com.samsung.app.honeyspace.edge.edgepanel.app.CocktailBarService$_2210#373883] Invalid device requested composition type change: Device (2) --> Device (2)
06-14 13:43:00.073   848   848 E CompositionEngine: [NavigationBar0$_1661#98] Invalid device requested composition type change: Device (2) --> Device (2)
06-14 13:43:00.298 21398 21417 E ashmem  : Pinning is deprecated since Android Q. Please use trim or other methods.
06-14 13:43:00.408   832   847 E HeatmapThread: ECT Thread time in milliseconds: 1781424780
06-14 13:43:00.411   832   847 E HeatmapThread: !@ CAM New BSOH: 98
06-14 13:43:00.886 21443 21443 E ashmem  : Pinning is deprecated since Android Q. Please use trim or other methods.
06-14 13:43:01.101 21423 21459 E ashmem  : Pinning is deprecated since Android Q. Please use trim or other methods.
06-14 13:43:01.408   832   847 E HeatmapThread: ECT Thread time in milliseconds: 1781424781
06-14 13:43:01.412   832   847 E HeatmapThread: !@ CAM New BSOH: 98
06-14 13:43:01.751 21423 21423 E MemoryLeakHandler: initialize - not working for release
06-14 13:43:01.790 22591 22600 E SamsungAccount: [FamilyGroupUtil] getCountryCodeListWithRegionMcc - no country code with region mcc
06-14 13:43:02.169   848   848 E CompositionEngine: [Wallpaper BBQ wrapper 5_system#85] Invalid device requested composition type change: Device (2) --> Device (2)
06-14 13:43:02.169   848   848 E CompositionEngine: [bitpit.launcher/bitpit.launcher.ui.HomeActivity$_20843#373873] Invalid device requested composition type change: Device (2) --> Device (2)
06-14 13:43:02.169   848   848 E CompositionEngine: [StatusBar$_1661#102] Invalid device requested composition type change: Device (2) --> Device (2)
06-14 13:43:02.169   848   848 E CompositionEngine: [com.sec.android.app.launcher/com.samsung.app.honeyspace.edge.edgepanel.app.CocktailBarService$_2210#373883] Invalid device requested composition type change: Device (2) --> Device (2)
06-14 13:43:02.169   848   848 E CompositionEngine: [NavigationBar0$_1661#98] Invalid device requested composition type change: Device (2) --> Device (2)
06-14 13:43:02.408   832   847 E HeatmapThread: ECT Thread time in milliseconds: 1781424782
06-14 13:43:02.414   832   847 E HeatmapThread: !@ CAM New BSOH: 98
06-14 13:43:03.409   832   847 E HeatmapThread: ECT Thread time in milliseconds: 1781424783
06-14 13:43:03.417   832   847 E HeatmapThread: !@ CAM New BSOH: 98
06-14 13:43:04.408   832   847 E HeatmapThread: ECT Thread time in milliseconds: 1781424784
06-14 13:43:04.413   832   847 E HeatmapThread: !@ CAM New BSOH: 98
06-14 13:43:04.556   848   848 E CompositionEngine: [Wallpaper BBQ wrapper 5_system#85] Invalid device requested composition type change: Device (2) --> Device (2)
06-14 13:43:04.556   848   848 E CompositionEngine: [bitpit.launcher/bitpit.launcher.ui.HomeActivity$_20843#373873] Invalid device requested composition type change: Device (2) --> Device (2)
06-14 13:43:04.556   848   848 E CompositionEngine: [StatusBar$_1661#102] Invalid device requested composition type change: Device (2) --> Device (2)
06-14 13:43:04.556   848   848 E CompositionEngine: [com.sec.android.app.launcher/com.samsung.app.honeyspace.edge.edgepanel.app.CocktailBarService$_2210#373883] Invalid device requested composition type change: Device (2) --> Device (2)
06-14 13:43:04.556   848   848 E CompositionEngine: [NavigationBar0$_1661#98] Invalid device requested composition type change: Device (2) --> Device (2)
06-14 13:43:04.561  2955  2955 E pageboostd: Received HALT command code 2
06-14 13:43:04.655 20896 20896 E ashmem  : Pinning is deprecated since Android Q. Please use trim or other methods.
06-14 13:43:04.698   848   848 E SurfaceFlinger: alpha changed 1.000 -> 0.000 - Task=11580#373884
06-14 13:43:04.698   848   848 E SurfaceFlinger: alpha changed 0.000 -> 0.000 - Task=11580#373884
06-14 13:43:04.731   848   848 E SurfaceFlinger: alpha changed 0.000 -> 0.160 - Task=11580#373884
06-14 13:43:04.733   848   848 E CompositionEngine: [Wallpaper BBQ wrapper 5_system#85] Invalid device requested composition type change: Device (2) --> Device (2)
06-14 13:43:04.733   848   848 E CompositionEngine: [bitpit.launcher/bitpit.launcher.ui.HomeActivity$_20843#373873] Invalid device requested composition type change: Device (2) --> Device (2)
06-14 13:43:04.733   848   848 E CompositionEngine: [Splash Screen com.aritr.rova$_1661#373887] Invalid device requested composition type change: Client (1) --> Client (1)
06-14 13:43:04.733   848   848 E CompositionEngine: [StatusBar$_1661#102] Invalid device requested composition type change: Device (2) --> Device (2)
06-14 13:43:04.733   848   848 E CompositionEngine: [com.sec.android.app.launcher/com.samsung.app.honeyspace.edge.edgepanel.app.CocktailBarService$_2210#373883] Invalid device requested composition type change: Device (2) --> Device (2)
06-14 13:43:04.733   848   848 E CompositionEngine: [NavigationBar0$_1661#98] Invalid device requested composition type change: Device (2) --> Device (2)
06-14 13:43:04.752   848   848 E CompositionEngine: [Wallpaper BBQ wrapper 5_system#85] Invalid device requested composition type change: Device (2) --> Device (2)
06-14 13:43:04.752   848   848 E CompositionEngine: [bitpit.launcher/bitpit.launcher.ui.HomeActivity$_20843#373873] Invalid device requested composition type change: Device (2) --> Device (2)
06-14 13:43:04.752   848   848 E CompositionEngine: [Splash Screen com.aritr.rova$_1661#373887] Invalid device requested composition type change: Client (1) --> Client (1)
06-14 13:43:04.752   848   848 E CompositionEngine: [StatusBar$_1661#102] Invalid device requested composition type change: Device (2) --> Device (2)
06-14 13:43:04.752   848   848 E CompositionEngine: [com.sec.android.app.launcher/com.samsung.app.honeyspace.edge.edgepanel.app.CocktailBarService$_2210#373883] Invalid device requested composition type change: Device (2) --> Device (2)
06-14 13:43:04.752   848   848 E CompositionEngine: [NavigationBar0$_1661#98] Invalid device requested composition type change: Device (2) --> Device (2)
06-14 13:43:04.768   848   848 E CompositionEngine: [Wallpaper BBQ wrapper 5_system#85] Invalid device requested composition type change: Device (2) --> Device (2)
06-14 13:43:04.768   848   848 E CompositionEngine: [bitpit.launcher/bitpit.launcher.ui.HomeActivity$_20843#373873] Invalid device requested composition type change: Device (2) --> Device (2)
06-14 13:43:04.768   848   848 E CompositionEngine: [Splash Screen com.aritr.rova$_1661#373887] Invalid device requested composition type change: Client (1) --> Client (1)
06-14 13:43:04.768   848   848 E CompositionEngine: [StatusBar$_1661#102] Invalid device requested composition type change: Device (2) --> Device (2)
06-14 13:43:04.768   848   848 E CompositionEngine: [com.sec.android.app.launcher/com.samsung.app.honeyspace.edge.edgepanel.app.CocktailBarService$_2210#373883] Invalid device requested composition type change: Device (2) --> Device (2)
06-14 13:43:04.769   848   848 E CompositionEngine: [NavigationBar0$_1661#98] Invalid device requested composition type change: Device (2) --> Device (2)
06-14 13:43:04.785   848   848 E CompositionEngine: [Wallpaper BBQ wrapper 5_system#85] Invalid device requested composition type change: Device (2) --> Device (2)
06-14 13:43:04.785   848   848 E CompositionEngine: [bitpit.launcher/bitpit.launcher.ui.HomeActivity$_20843#373873] Invalid device requested composition type change: Device (2) --> Device (2)
06-14 13:43:04.785   848   848 E CompositionEngine: [Splash Screen com.aritr.rova$_1661#373887] Invalid device requested composition type change: Client (1) --> Client (1)
06-14 13:43:04.785   848   848 E CompositionEngine: [StatusBar$_1661#102] Invalid device requested composition type change: Device (2) --> Device (2)
06-14 13:43:04.785   848   848 E CompositionEngine: [com.sec.android.app.launcher/com.samsung.app.honeyspace.edge.edgepanel.app.CocktailBarService$_2210#373883] Invalid device requested composition type change: Device (2) --> Device (2)
06-14 13:43:04.785   848   848 E CompositionEngine: [NavigationBar0$_1661#98] Invalid device requested composition type change: Device (2) --> Device (2)
06-14 13:43:04.801   848   848 E CompositionEngine: [Wallpaper BBQ wrapper 5_system#85] Invalid device requested composition type change: Device (2) --> Device (2)
06-14 13:43:04.801   848   848 E CompositionEngine: [bitpit.launcher/bitpit.launcher.ui.HomeActivity$_20843#373873] Invalid device requested composition type change: Device (2) --> Device (2)
06-14 13:43:04.801   848   848 E CompositionEngine: [Splash Screen com.aritr.rova$_1661#373887] Invalid device requested composition type change: Client (1) --> Client (1)
06-14 13:43:04.801   848   848 E CompositionEngine: [StatusBar$_1661#102] Invalid device requested composition type change: Device (2) --> Device (2)
06-14 13:43:04.801   848   848 E CompositionEngine: [com.sec.android.app.launcher/com.samsung.app.honeyspace.edge.edgepanel.app.CocktailBarService$_2210#373883] Invalid device requested composition type change: Device (2) --> Device (2)
06-14 13:43:04.802   848   848 E CompositionEngine: [NavigationBar0$_1661#98] Invalid device requested composition type change: Device (2) --> Device (2)
06-14 13:43:04.803 20896 20896 I DualSightProbe: QUERY api=36 featureFlag=false camera2Combos=0
06-14 13:43:04.818   848   848 E CompositionEngine: [Wallpaper BBQ wrapper 5_system#85] Invalid device requested composition type change: Device (2) --> Device (2)
06-14 13:43:04.818   848   848 E CompositionEngine: [bitpit.launcher/bitpit.launcher.ui.HomeActivity$_20843#373873] Invalid device requested composition type change: Device (2) --> Device (2)
06-14 13:43:04.818   848   848 E CompositionEngine: [Splash Screen com.aritr.rova$_1661#373887] Invalid device requested composition type change: Client (1) --> Client (1)
06-14 13:43:04.818   848   848 E CompositionEngine: [StatusBar$_1661#102] Invalid device requested composition type change: Device (2) --> Device (2)
06-14 13:43:04.818   848   848 E CompositionEngine: [com.sec.android.app.launcher/com.samsung.app.honeyspace.edge.edgepanel.app.CocktailBarService$_2210#373883] Invalid device requested composition type change: Device (2) --> Device (2)
06-14 13:43:04.818   848   848 E CompositionEngine: [NavigationBar0$_1661#98] Invalid device requested composition type change: Device (2) --> Device (2)
06-14 13:43:04.834   848   848 E CompositionEngine: [Wallpaper BBQ wrapper 5_system#85] Invalid device requested composition type change: Device (2) --> Device (2)
06-14 13:43:04.834   848   848 E CompositionEngine: [bitpit.launcher/bitpit.launcher.ui.HomeActivity$_20843#373873] Invalid device requested composition type change: Device (2) --> Device (2)
06-14 13:43:04.834   848   848 E CompositionEngine: [Splash Screen com.aritr.rova$_1661#373887] Invalid device requested composition type change: Client (1) --> Client (1)
06-14 13:43:04.834   848   848 E CompositionEngine: [StatusBar$_1661#102] Invalid device requested composition type change: Device (2) --> Device (2)
06-14 13:43:04.834   848   848 E CompositionEngine: [com.sec.android.app.launcher/com.samsung.app.honeyspace.edge.edgepanel.app.CocktailBarService$_2210#373883] Invalid device requested composition type change: Device (2) --> Device (2)
06-14 13:43:04.834   848   848 E CompositionEngine: [NavigationBar0$_1661#98] Invalid device requested composition type change: Device (2) --> Device (2)
06-14 13:43:04.851   848   848 E CompositionEngine: [Wallpaper BBQ wrapper 5_system#85] Invalid device requested composition type change: Device (2) --> Device (2)
06-14 13:43:04.851   848   848 E CompositionEngine: [bitpit.launcher/bitpit.launcher.ui.HomeActivity$_20843#373873] Invalid device requested composition type change: Device (2) --> Device (2)
06-14 13:43:04.851   848   848 E CompositionEngine: [Splash Screen com.aritr.rova$_1661#373887] Invalid device requested composition type change: Client (1) --> Client (1)
06-14 13:43:04.851   848   848 E CompositionEngine: [StatusBar$_1661#102] Invalid device requested composition type change: Device (2) --> Device (2)
06-14 13:43:04.851   848   848 E CompositionEngine: [com.sec.android.app.launcher/com.samsung.app.honeyspace.edge.edgepanel.app.CocktailBarService$_2210#373883] Invalid device requested composition type change: Device (2) --> Device (2)
06-14 13:43:04.851   848   848 E CompositionEngine: [NavigationBar0$_1661#98] Invalid device requested composition type change: Device (2) --> Device (2)
06-14 13:43:04.868   848   848 E CompositionEngine: [Wallpaper BBQ wrapper 5_system#85] Invalid device requested composition type change: Device (2) --> Device (2)
06-14 13:43:04.868   848   848 E CompositionEngine: [bitpit.launcher/bitpit.launcher.ui.HomeActivity$_20843#373873] Invalid device requested composition type change: Device (2) --> Device (2)
06-14 13:43:04.868   848   848 E CompositionEngine: [Splash Screen com.aritr.rova$_1661#373887] Invalid device requested composition type change: Client (1) --> Client (1)
06-14 13:43:04.868   848   848 E CompositionEngine: [StatusBar$_1661#102] Invalid device requested composition type change: Device (2) --> Device (2)
06-14 13:43:04.868   848   848 E CompositionEngine: [com.sec.android.app.launcher/com.samsung.app.honeyspace.edge.edgepanel.app.CocktailBarService$_2210#373883] Invalid device requested composition type change: Device (2) --> Device (2)
06-14 13:43:04.868   848   848 E CompositionEngine: [NavigationBar0$_1661#98] Invalid device requested composition type change: Device (2) --> Device (2)
06-14 13:43:04.884   848   848 E CompositionEngine: [Wallpaper BBQ wrapper 5_system#85] Invalid device requested composition type change: Device (2) --> Device (2)
06-14 13:43:04.884   848   848 E CompositionEngine: [bitpit.launcher/bitpit.launcher.ui.HomeActivity$_20843#373873] Invalid device requested composition type change: Device (2) --> Device (2)
06-14 13:43:04.884   848   848 E CompositionEngine: [Splash Screen com.aritr.rova$_1661#373887] Invalid device requested composition type change: Client (1) --> Client (1)
06-14 13:43:04.884   848   848 E CompositionEngine: [StatusBar$_1661#102] Invalid device requested composition type change: Device (2) --> Device (2)
06-14 13:43:04.884   848   848 E CompositionEngine: [com.sec.android.app.launcher/com.samsung.app.honeyspace.edge.edgepanel.app.CocktailBarService$_2210#373883] Invalid device requested composition type change: Device (2) --> Device (2)
06-14 13:43:04.884   848   848 E CompositionEngine: [NavigationBar0$_1661#98] Invalid device requested composition type change: Device (2) --> Device (2)
06-14 13:43:04.903   848   848 E CompositionEngine: [Wallpaper BBQ wrapper 5_system#85] Invalid device requested composition type change: Device (2) --> Device (2)
06-14 13:43:04.903   848   848 E CompositionEngine: [bitpit.launcher/bitpit.launcher.ui.HomeActivity$_20843#373873] Invalid device requested composition type change: Device (2) --> Device (2)
06-14 13:43:04.903   848   848 E CompositionEngine: [Splash Screen com.aritr.rova$_1661#373887] Invalid device requested composition type change: Client (1) --> Client (1)
06-14 13:43:04.903   848   848 E CompositionEngine: [StatusBar$_1661#102] Invalid device requested composition type change: Device (2) --> Device (2)
06-14 13:43:04.903   848   848 E CompositionEngine: [com.sec.android.app.launcher/com.samsung.app.honeyspace.edge.edgepanel.app.CocktailBarService$_2210#373883] Invalid device requested composition type change: Device (2) --> Device (2)
06-14 13:43:04.903   848   848 E CompositionEngine: [NavigationBar0$_1661#98] Invalid device requested composition type change: Device (2) --> Device (2)
06-14 13:43:04.920   848   848 E CompositionEngine: [Wallpaper BBQ wrapper 5_system#85] Invalid device requested composition type change: Device (2) --> Device (2)
06-14 13:43:04.920   848   848 E CompositionEngine: [bitpit.launcher/bitpit.launcher.ui.HomeActivity$_20843#373873] Invalid device requested composition type change: Device (2) --> Device (2)
06-14 13:43:04.920   848   848 E CompositionEngine: [Splash Screen com.aritr.rova$_1661#373887] Invalid device requested composition type change: Client (1) --> Client (1)
06-14 13:43:04.920   848   848 E CompositionEngine: [StatusBar$_1661#102] Invalid device requested composition type change: Device (2) --> Device (2)
06-14 13:43:04.920   848   848 E CompositionEngine: [com.sec.android.app.launcher/com.samsung.app.honeyspace.edge.edgepanel.app.CocktailBarService$_2210#373883] Invalid device requested composition type change: Device (2) --> Device (2)
06-14 13:43:04.920   848   848 E CompositionEngine: [NavigationBar0$_1661#98] Invalid device requested composition type change: Device (2) --> Device (2)
06-14 13:43:04.938   848   848 E CompositionEngine: [Wallpaper BBQ wrapper 5_system#85] Invalid device requested composition type change: Device (2) --> Device (2)
06-14 13:43:04.938   848   848 E CompositionEngine: [bitpit.launcher/bitpit.launcher.ui.HomeActivity$_20843#373873] Invalid device requested composition type change: Device (2) --> Device (2)
06-14 13:43:04.938   848   848 E CompositionEngine: [Splash Screen com.aritr.rova$_1661#373887] Invalid device requested composition type change: Client (1) --> Client (1)
06-14 13:43:04.938   848   848 E CompositionEngine: [StatusBar$_1661#102] Invalid device requested composition type change: Device (2) --> Device (2)
06-14 13:43:04.938   848   848 E CompositionEngine: [com.sec.android.app.launcher/com.samsung.app.honeyspace.edge.edgepanel.app.CocktailBarService$_2210#373883] Invalid device requested composition type change: Device (2) --> Device (2)
06-14 13:43:04.938   848   848 E CompositionEngine: [NavigationBar0$_1661#98] Invalid device requested composition type change: Device (2) --> Device (2)
06-14 13:43:04.955   848   848 E CompositionEngine: [Wallpaper BBQ wrapper 5_system#85] Invalid device requested composition type change: Device (2) --> Device (2)
06-14 13:43:04.955   848   848 E CompositionEngine: [bitpit.launcher/bitpit.launcher.ui.HomeActivity$_20843#373873] Invalid device requested composition type change: Device (2) --> Device (2)
06-14 13:43:04.955   848   848 E CompositionEngine: [Splash Screen com.aritr.rova$_1661#373887] Invalid device requested composition type change: Client (1) --> Client (1)
06-14 13:43:04.955   848   848 E CompositionEngine: [StatusBar$_1661#102] Invalid device requested composition type change: Device (2) --> Device (2)
06-14 13:43:04.955   848   848 E CompositionEngine: [com.sec.android.app.launcher/com.samsung.app.honeyspace.edge.edgepanel.app.CocktailBarService$_2210#373883] Invalid device requested composition type change: Device (2) --> Device (2)
06-14 13:43:04.955   848   848 E CompositionEngine: [NavigationBar0$_1661#98] Invalid device requested composition type change: Device (2) --> Device (2)
06-14 13:43:04.975   848   848 E CompositionEngine: [Wallpaper BBQ wrapper 5_system#85] Invalid device requested composition type change: Device (2) --> Device (2)
06-14 13:43:04.976   848   848 E CompositionEngine: [bitpit.launcher/bitpit.launcher.ui.HomeActivity$_20843#373873] Invalid device requested composition type change: Device (2) --> Device (2)
06-14 13:43:04.976   848   848 E CompositionEngine: [Splash Screen com.aritr.rova$_1661#373887] Invalid device requested composition type change: Client (1) --> Client (1)
06-14 13:43:04.976   848   848 E CompositionEngine: [StatusBar$_1661#102] Invalid device requested composition type change: Device (2) --> Device (2)
06-14 13:43:04.976   848   848 E CompositionEngine: [com.sec.android.app.launcher/com.samsung.app.honeyspace.edge.edgepanel.app.CocktailBarService$_2210#373883] Invalid device requested composition type change: Device (2) --> Device (2)
06-14 13:43:04.976   848   848 E CompositionEngine: [NavigationBar0$_1661#98] Invalid device requested composition type change: Device (2) --> Device (2)
06-14 13:43:04.991   848   848 E CompositionEngine: [Wallpaper BBQ wrapper 5_system#85] Invalid device requested composition type change: Device (2) --> Device (2)
06-14 13:43:04.992   848   848 E CompositionEngine: [bitpit.launcher/bitpit.launcher.ui.HomeActivity$_20843#373873] Invalid device requested composition type change: Device (2) --> Device (2)
06-14 13:43:04.992   848   848 E CompositionEngine: [Splash Screen com.aritr.rova$_1661#373887] Invalid device requested composition type change: Client (1) --> Client (1)
06-14 13:43:04.992   848   848 E CompositionEngine: [StatusBar$_1661#102] Invalid device requested composition type change: Device (2) --> Device (2)
06-14 13:43:04.992   848   848 E CompositionEngine: [com.sec.android.app.launcher/com.samsung.app.honeyspace.edge.edgepanel.app.CocktailBarService$_2210#373883] Invalid device requested composition type change: Device (2) --> Device (2)
06-14 13:43:04.992   848   848 E CompositionEngine: [NavigationBar0$_1661#98] Invalid device requested composition type change: Device (2) --> Device (2)
06-14 13:43:04.995  2955  2955 E pageboostd: Received HALT command code 2
06-14 13:43:05.012   848   848 E CompositionEngine: [Wallpaper BBQ wrapper 5_system#85] Invalid device requested composition type change: Device (2) --> Device (2)
06-14 13:43:05.012   848   848 E CompositionEngine: [bitpit.launcher/bitpit.launcher.ui.HomeActivity$_20843#373873] Invalid device requested composition type change: Device (2) --> Device (2)
06-14 13:43:05.012   848   848 E CompositionEngine: [com.aritr.rova/com.aritr.rova.probe.DualSightProbeActivity$_20896#373891] Invalid device requested composition type change: Client (1) --> Client (1)
06-14 13:43:05.012   848   848 E CompositionEngine: [Splash Screen com.aritr.rova$_1661#373887] Invalid device requested composition type change: Client (1) --> Client (1)
06-14 13:43:05.012   848   848 E CompositionEngine: [StatusBar$_1661#102] Invalid device requested composition type change: Device (2) --> Device (2)
06-14 13:43:05.012   848   848 E CompositionEngine: [com.sec.android.app.launcher/com.samsung.app.honeyspace.edge.edgepanel.app.CocktailBarService$_2210#373883] Invalid device requested composition type change: Device (2) --> Device (2)
06-14 13:43:05.012   848   848 E CompositionEngine: [NavigationBar0$_1661#98] Invalid device requested composition type change: Device (2) --> Device (2)
06-14 13:43:05.031   848   848 E CompositionEngine: [Wallpaper BBQ wrapper 5_system#85] Invalid device requested composition type change: Device (2) --> Device (2)
06-14 13:43:05.031   848   848 E CompositionEngine: [bitpit.launcher/bitpit.launcher.ui.HomeActivity$_20843#373873] Invalid device requested composition type change: Device (2) --> Device (2)
06-14 13:43:05.031   848   848 E CompositionEngine: [com.aritr.rova/com.aritr.rova.probe.DualSightProbeActivity$_20896#373891] Invalid device requested composition type change: Client (1) --> Client (1)
06-14 13:43:05.031   848   848 E CompositionEngine: [Splash Screen com.aritr.rova$_1661#373887] Invalid device requested composition type change: Client (1) --> Client (1)
06-14 13:43:05.031   848   848 E CompositionEngine: [StatusBar$_1661#102] Invalid device requested composition type change: Device (2) --> Device (2)
06-14 13:43:05.031   848   848 E CompositionEngine: [com.sec.android.app.launcher/com.samsung.app.honeyspace.edge.edgepanel.app.CocktailBarService$_2210#373883] Invalid device requested composition type change: Device (2) --> Device (2)
06-14 13:43:05.031   848   848 E CompositionEngine: [NavigationBar0$_1661#98] Invalid device requested composition type change: Device (2) --> Device (2)
06-14 13:43:05.054   848   848 E CompositionEngine: [Wallpaper BBQ wrapper 5_system#85] Invalid device requested composition type change: Device (2) --> Device (2)
06-14 13:43:05.054   848   848 E CompositionEngine: [bitpit.launcher/bitpit.launcher.ui.HomeActivity$_20843#373873] Invalid device requested composition type change: Device (2) --> Device (2)
06-14 13:43:05.054   848   848 E CompositionEngine: [com.aritr.rova/com.aritr.rova.probe.DualSightProbeActivity$_20896#373891] Invalid device requested composition type change: Client (1) --> Client (1)
06-14 13:43:05.054   848   848 E CompositionEngine: [Splash Screen com.aritr.rova$_1661#373887] Invalid device requested composition type change: Client (1) --> Client (1)
06-14 13:43:05.054   848   848 E CompositionEngine: [StatusBar$_1661#102] Invalid device requested composition type change: Device (2) --> Device (2)
06-14 13:43:05.054   848   848 E CompositionEngine: [com.sec.android.app.launcher/com.samsung.app.honeyspace.edge.edgepanel.app.CocktailBarService$_2210#373883] Invalid device requested composition type change: Device (2) --> Device (2)
06-14 13:43:05.054   848   848 E CompositionEngine: [NavigationBar0$_1661#98] Invalid device requested composition type change: Device (2) --> Device (2)
06-14 13:43:05.079   848   848 E CompositionEngine: [Wallpaper BBQ wrapper 5_system#85] Invalid device requested composition type change: Device (2) --> Device (2)
06-14 13:43:05.079   848   848 E CompositionEngine: [com.aritr.rova/com.aritr.rova.probe.DualSightProbeActivity$_20896#373891] Invalid device requested composition type change: Device (2) --> Device (2)
06-14 13:43:05.079   848   848 E CompositionEngine: [Splash Screen com.aritr.rova$_1661#373887] Invalid device requested composition type change: Device (2) --> Device (2)
06-14 13:43:05.079   848   848 E CompositionEngine: [StatusBar$_1661#102] Invalid device requested composition type change: Device (2) --> Device (2)
06-14 13:43:05.079   848   848 E CompositionEngine: [com.sec.android.app.launcher/com.samsung.app.honeyspace.edge.edgepanel.app.CocktailBarService$_2210#373883] Invalid device requested composition type change: Device (2) --> Device (2)
06-14 13:43:05.079   848   848 E CompositionEngine: [NavigationBar0$_1661#98] Invalid device requested composition type change: Device (2) --> Device (2)
06-14 13:43:05.088 20896 20896 I DualSightProbe: QUERY cameraXCombos=0 combos=[]
06-14 13:43:05.088 20896 20896 I DualSightProbe: VERDICT(query) frontBackBindable=false
06-14 13:43:05.088 20896 20896 I DualSightProbe: Next: attempt A (CameraX CompositionSettings record)
06-14 13:43:05.160   848   848 E CompositionEngine: [com.aritr.rova/com.aritr.rova.probe.DualSightProbeActivity$_20896#373891] Invalid device requested composition type change: Device (2) --> Device (2)
06-14 13:43:05.160   848   848 E CompositionEngine: [StatusBar$_1661#102] Invalid device requested composition type change: Device (2) --> Device (2)
06-14 13:43:05.160   848   848 E CompositionEngine: [com.sec.android.app.launcher/com.samsung.app.honeyspace.edge.edgepanel.app.CocktailBarService$_2210#373883] Invalid device requested composition type change: Device (2) --> Device (2)
06-14 13:43:05.160   848   848 E CompositionEngine: [NavigationBar0$_1661#98] Invalid device requested composition type change: Device (2) --> Device (2)
06-14 13:43:05.174 20896 20896 E DualSightProbe: ATTEMPT-A bind/record threw
06-14 13:43:05.174 20896 20896 E DualSightProbe: java.lang.UnsupportedOperationException: Concurrent camera is not supported on the device.
06-14 13:43:05.174 20896 20896 E DualSightProbe: 	at androidx.camera.lifecycle.LifecycleCameraProviderImpl.bindToLifecycle(LifecycleCameraProviderImpl.kt:383)
06-14 13:43:05.174 20896 20896 E DualSightProbe: 	at androidx.camera.lifecycle.ProcessCameraProvider.bindToLifecycle(ProcessCameraProvider.kt:374)
06-14 13:43:05.174 20896 20896 E DualSightProbe: 	at com.aritr.rova.probe.CameraXConcurrentProbe.bindConcurrent(CameraXConcurrentProbe.kt:188)
06-14 13:43:05.174 20896 20896 E DualSightProbe: 	at com.aritr.rova.probe.CameraXConcurrentProbe.run$lambda$7(CameraXConcurrentProbe.kt:71)
06-14 13:43:05.174 20896 20896 E DualSightProbe: 	at com.aritr.rova.probe.CameraXConcurrentProbe$$ExternalSyntheticLambda4.run(D8$$SyntheticClass:0)
06-14 13:43:05.174 20896 20896 E DualSightProbe: 	at android.os.Handler.handleCallback(Handler.java:995)
06-14 13:43:05.174 20896 20896 E DualSightProbe: 	at android.os.Handler.dispatchMessage(Handler.java:103)
06-14 13:43:05.174 20896 20896 E DualSightProbe: 	at android.os.Looper.loopOnce(Looper.java:273)
06-14 13:43:05.174 20896 20896 E DualSightProbe: 	at android.os.Looper.loop(Looper.java:363)
06-14 13:43:05.174 20896 20896 E DualSightProbe: 	at android.app.ActivityThread.main(ActivityThread.java:10060)
06-14 13:43:05.174 20896 20896 E DualSightProbe: 	at java.lang.reflect.Method.invoke(Native Method)
06-14 13:43:05.174 20896 20896 E DualSightProbe: 	at com.android.internal.os.RuntimeInit$MethodAndArgsCaller.run(RuntimeInit.java:632)
06-14 13:43:05.174 20896 20896 E DualSightProbe: 	at com.android.internal.os.ZygoteInit.main(ZygoteInit.java:975)
06-14 13:43:05.175 20896 20896 I DualSightProbe: VERDICT(attemptA) recordSucceeded=false (exception)
06-14 13:43:05.182   791   831 E BatteryDump: !@new_battery_dump : 4045,360,475,550,69,329,330,377,0,0,353,377,0,Charging,NO_CHARGING,Normal,Good,USB,1,Normal,0,0,9416,0x0,0x10000,0x0,0,0,0,v0004,0,0/0-0-0-0,0000,0000,00000000,0,0,0,0,0,0,89,40513,6805,972,0,
--------- beginning of system
06-14 13:43:05.205  1128  3705 E WindowManager: win=Window{b39b7c u0 bitpit.launcher/bitpit.launcher.ui.HomeActivity} destroySurfaces: appStopped=true cleanupOnResume=false win.mWindowRemovalAllowed=false win.mRemoveOnExit=false win.mViewVisibility=8 caller=com.android.server.wm.ActivityRecord.destroySurfaces:25 com.android.server.wm.ActivityRecord.activityStopped:192 com.android.server.wm.ActivityClientController.activityStopped:97 android.app.IActivityClientController$Stub.onTransact:740 com.android.server.wm.ActivityClientController.onTransact:1 android.os.Binder.execTransactInternal:1462 android.os.Binder.execTransact:1401 
06-14 13:43:05.215   848   848 E SurfaceFlinger: alpha changed 1.000 -> 0.000 - Surface(name=1ecbc4d InputMethod)/@0x855d049 - animation-leash of insets_animation#373897
06-14 13:43:05.408   832   847 E HeatmapThread: ECT Thread time in milliseconds: 1781424785
06-14 13:43:05.412   832   847 E HeatmapThread: !@ CAM New BSOH: 98
06-14 13:43:06.409   832   847 E HeatmapThread: ECT Thread time in milliseconds: 1781424786
06-14 13:43:06.419   832   847 E HeatmapThread: !@ CAM New BSOH: 98
06-14 13:43:06.608  1128  1163 E Watchdog: !@Sync: 43622 heap(MB): 178 / 214 FD: 1485 [2026-06-14 13:43:06.607]
06-14 13:43:06.676 20896 20896 I DualSightProbe: attempt A done — starting attempt B (Camera2 hardware truth)
06-14 13:43:06.681 20896 20896 I DualSightProbe: VERDICT(attemptB) recordSucceeded=false (no front+back combo in getConcurrentCameraIds)
06-14 13:43:06.681 20896 20896 I DualSightProbe: attempt B done — probe complete
06-14 13:43:06.681 20896 20896 I DualSightProbe: MIRROR check: open attempt-A clip; front inset text must read correctly
06-14 13:43:07.409   832   847 E HeatmapThread: ECT Thread time in milliseconds: 1781424787
06-14 13:43:07.417   832   847 E HeatmapThread: !@ CAM New BSOH: 98
06-14 13:43:07.560  1128  4270 E TaskPersister: File error accessing recents directory (directory doesn't exist?).
06-14 13:43:07.563  1128  4270 E TaskPersister: File error accessing recents directory (directory doesn't exist?).
06-14 13:43:07.563  1128  4270 E TaskPersister: File error accessing recents directory (directory doesn't exist?).
06-14 13:43:08.409   832   847 E HeatmapThread: ECT Thread time in milliseconds: 1781424788
06-14 13:43:08.418   832   847 E HeatmapThread: !@ CAM New BSOH: 98
06-14 13:43:09.409   832   847 E HeatmapThread: ECT Thread time in milliseconds: 1781424789
06-14 13:43:09.417   832   847 E HeatmapThread: !@ CAM New BSOH: 98
06-14 13:43:10.409   832   847 E HeatmapThread: ECT Thread time in milliseconds: 1781424790
06-14 13:43:10.418   832   847 E HeatmapThread: !@ CAM New BSOH: 98
06-14 13:43:11.408   832   847 E HeatmapThread: ECT Thread time in milliseconds: 1781424791
06-14 13:43:11.417   832   847 E HeatmapThread: !@ CAM New BSOH: 98
06-14 13:43:12.409   832   847 E HeatmapThread: ECT Thread time in milliseconds: 1781424792
06-14 13:43:12.416   832   847 E HeatmapThread: !@ CAM New BSOH: 98
06-14 13:43:13.409   832   847 E HeatmapThread: ECT Thread time in milliseconds: 1781424793
06-14 13:43:13.416   832   847 E HeatmapThread: !@ CAM New BSOH: 98
06-14 13:43:14.275   848   848 E CompositionEngine: [com.aritr.rova/com.aritr.rova.probe.DualSightProbeActivity$_20896#373891] Invalid device requested composition type change: Device (2) --> Device (2)
06-14 13:43:14.275   848   848 E CompositionEngine: [StatusBar$_1661#102] Invalid device requested composition type change: Device (2) --> Device (2)
06-14 13:43:14.275   848   848 E CompositionEngine: [com.sec.android.app.launcher/com.samsung.app.honeyspace.edge.edgepanel.app.CocktailBarService$_2210#373883] Invalid device requested composition type change: Device (2) --> Device (2)
06-14 13:43:14.275   848   848 E CompositionEngine: [NavigationBar0$_1661#98] Invalid device requested composition type change: Device (2) --> Device (2)
06-14 13:43:14.409   832   847 E HeatmapThread: ECT Thread time in milliseconds: 1781424794
06-14 13:43:14.417   832   847 E HeatmapThread: !@ CAM New BSOH: 98
06-14 13:43:15.286   791   831 E BatteryDump: !@new_battery_dump : 4067,373,475,550,69,329,329,372,0,0,351,372,0,Charging,NO_CHARGING,Normal,Good,USB,1,Normal,0,0,9416,0x0,0x10000,0x0,0,0,0,v0004,0,0/0-0-0-0,0000,0000,00000000,0,0,0,0,0,0,89,40513,6807,972,0,
06-14 13:43:15.409   832   847 E HeatmapThread: ECT Thread time in milliseconds: 1781424795
06-14 13:43:15.417   832   847 E HeatmapThread: !@ CAM New BSOH: 98
06-14 13:43:16.409   832   847 E HeatmapThread: ECT Thread time in milliseconds: 1781424796
06-14 13:43:16.417   832   847 E HeatmapThread: !@ CAM New BSOH: 98
06-14 13:43:17.409   832   847 E HeatmapThread: ECT Thread time in milliseconds: 1781424797
06-14 13:43:17.417   832   847 E HeatmapThread: !@ CAM New BSOH: 98
06-14 13:43:18.409   832   847 E HeatmapThread: ECT Thread time in milliseconds: 1781424798
06-14 13:43:18.417   832   847 E HeatmapThread: !@ CAM New BSOH: 98
06-14 13:43:19.409   832   847 E HeatmapThread: ECT Thread time in milliseconds: 1781424799
06-14 13:43:19.416   832   847 E HeatmapThread: !@ CAM New BSOH: 98
06-14 13:43:20.323   848   848 E CompositionEngine: [com.aritr.rova/com.aritr.rova.probe.DualSightProbeActivity$_20896#373891] Invalid device requested composition type change: Device (2) --> Device (2)
06-14 13:43:20.323   848   848 E CompositionEngine: [StatusBar$_1661#102] Invalid device requested composition type change: Device (2) --> Device (2)
06-14 13:43:20.323   848   848 E CompositionEngine: [com.sec.android.app.launcher/com.samsung.app.honeyspace.edge.edgepanel.app.CocktailBarService$_2210#373883] Invalid device requested composition type change: Device (2) --> Device (2)
06-14 13:43:20.323   848   848 E CompositionEngine: [NavigationBar0$_1661#98] Invalid device requested composition type change: Device (2) --> Device (2)
06-14 13:43:20.409   832   847 E HeatmapThread: ECT Thread time in milliseconds: 1781424800
06-14 13:43:20.416   832   847 E HeatmapThread: !@ CAM New BSOH: 98
06-14 13:43:21.409   832   847 E HeatmapThread: ECT Thread time in milliseconds: 1781424801
06-14 13:43:21.416   832   847 E HeatmapThread: !@ CAM New BSOH: 98
06-14 13:43:22.409   832   847 E HeatmapThread: ECT Thread time in milliseconds: 1781424802
06-14 13:43:22.417   832   847 E HeatmapThread: !@ CAM New BSOH: 98
06-14 13:43:23.358   848   848 E CompositionEngine: [com.aritr.rova/com.aritr.rova.probe.DualSightProbeActivity$_20896#373891] Invalid device requested composition type change: Device (2) --> Device (2)
06-14 13:43:23.358   848   848 E CompositionEngine: [StatusBar$_1661#102] Invalid device requested composition type change: Device (2) --> Device (2)
06-14 13:43:23.358   848   848 E CompositionEngine: [com.sec.android.app.launcher/com.samsung.app.honeyspace.edge.edgepanel.app.CocktailBarService$_2210#373883] Invalid device requested composition type change: Device (2) --> Device (2)
06-14 13:43:23.358   848   848 E CompositionEngine: [NavigationBar0$_1661#98] Invalid device requested composition type change: Device (2) --> Device (2)
06-14 13:43:23.409   832   847 E HeatmapThread: ECT Thread time in milliseconds: 1781424803
06-14 13:43:23.417   832   847 E HeatmapThread: !@ CAM New BSOH: 98
06-14 13:43:24.409   832   847 E HeatmapThread: ECT Thread time in milliseconds: 1781424804
06-14 13:43:24.416   832   847 E HeatmapThread: !@ CAM New BSOH: 98
06-14 13:43:25.389   791   831 E BatteryDump: !@new_battery_dump : 4069,392,475,550,69,328,328,366,0,0,350,366,0,Charging,NO_CHARGING,Normal,Good,USB,1,Normal,0,0,9416,0x0,0x10000,0x0,0,0,0,v0004,0,0/0-0-0-0,0000,0000,00000000,0,0,0,0,0,0,89,40515,6809,972,0,
06-14 13:43:25.409   832   847 E HeatmapThread: ECT Thread time in milliseconds: 1781424805
06-14 13:43:25.414   832   847 E HeatmapThread: !@ CAM New BSOH: 98
06-14 13:43:25.481  2879  2942 E RequestManager_FLP: [LocationManager] Location request 8919CBEE(Listener) network interval=0ms (min=0ms) from system(SLocationService) (1000_FINE_unknown_false_foreground)
06-14 13:43:25.497  2879  2942 E RequestManager_FLP: [LocationManager] Location request 844D016B(Listener) fused interval=0ms (min=0ms) from system(SLocationService) (1000_FINE_unknown_false_foreground)
06-14 13:43:25.545  2879  2942 E RequestManager_FLP: [LocationManager] Location remove 8919CBEE from system
06-14 13:43:25.559  2879  2942 E RequestManager_FLP: [LocationManager] Location remove 844D016B from system
06-14 13:43:26.409   832   847 E HeatmapThread: ECT Thread time in milliseconds: 1781424806
06-14 13:43:26.417   832   847 E HeatmapThread: !@ CAM New BSOH: 98
06-14 13:43:27.409   832   847 E HeatmapThread: ECT Thread time in milliseconds: 1781424807
06-14 13:43:27.417   832   847 E HeatmapThread: !@ CAM New BSOH: 98
06-14 13:43:28.409   832   847 E HeatmapThread: ECT Thread time in milliseconds: 1781424808
06-14 13:43:28.416   832   847 E HeatmapThread: !@ CAM New BSOH: 98
06-14 13:43:29.408   832   847 E HeatmapThread: ECT Thread time in milliseconds: 1781424809
06-14 13:43:29.416   832   847 E HeatmapThread: !@ CAM New BSOH: 98
06-14 13:43:30.409   832   847 E HeatmapThread: ECT Thread time in milliseconds: 1781424810
06-14 13:43:30.417   832   847 E HeatmapThread: !@ CAM New BSOH: 98
06-14 13:43:30.785  1128  1596 E SmartFaceManager: checkForSmartStay S
06-14 13:43:30.785  1128  1596 E SmartFaceManager/ServiceManagerGlobal: bind to smart face service
06-14 13:43:30.803 14203 14203 E SmartFaceServiceStarter: onCreate
06-14 13:43:30.824 14203 14203 E SmartFaceServiceStarter: onBind
06-14 13:43:30.828  1128  2626 E SmartFaceManager/ServiceManagerGlobal: smart face service connected
06-14 13:43:30.829  1128  1596 E SmartFaceManager/ServiceManagerGlobal: Service is available, connection count = 0 -> 1
06-14 13:43:30.829  1128  1596 E SmartFaceManager/ServiceManagerGlobal: bind to smart face service
06-14 13:43:30.829  1128  1596 E SmartFaceManager/ServiceManagerGlobal: already tried bound to smart face service
06-14 13:43:30.829  1128  1596 E SmartFaceManager/ServiceManagerGlobal: Service is available, connection count = 1 -> 2
06-14 13:43:30.831  1128  1596 E SmartFaceManager/ServiceManagerGlobal: unbind from smart face service, connection count = 2 -> 1
06-14 13:43:30.831  1128  1596 E SmartFaceManager/ServiceManagerGlobal: bind to smart face service
06-14 13:43:30.831  1128  1596 E SmartFaceManager/ServiceManagerGlobal: already tried bound to smart face service
06-14 13:43:30.831  1128  1596 E SmartFaceManager/ServiceManagerGlobal: Service is available, connection count = 1 -> 2
06-14 13:43:30.874   916  2046 E cameraserver: isBiometricsFaceService : face AIDL HAL Pid(777) is not same with callingPid(14203)
06-14 13:43:30.889   916  2046 E cameraserver: isBiometricsFaceService : face AIDL HAL Pid(777) is not same with callingPid(14203)
06-14 13:43:30.970   916  2046 E Camera2-FrameProcessorBase: FrameProcessorBase: created
06-14 13:43:30.971   916  2046 E Camera2-FrameProcessorBase: registerListener: Registering listener for frame id range 0 - 2147483647
06-14 13:43:31.017   788   833 E Unihal  : TagManager.cpp: GetTagInfo: 233: Unexpected tag. : parameterTag=PARAMETER_SAMSUNG_ANDROID_UNIHAL_VIDEO_MODE(0x80200001)
06-14 13:43:31.017   788   833 E Unihal  : TagManager.cpp: GetTagInfo: 233: Unexpected tag. : parameterTag=PARAMETER_SAMSUNG_ANDROID_UNIHAL_VIDEO_MODE(0x80200001)
06-14 13:43:31.022   788 21632 E WNC]ColorFormat: [calculateBufferInfo:944] Invalid pixelFormat(0)
06-14 13:43:31.097   916 21695 E cameraserver: isBiometricsFaceService : face AIDL HAL Pid(777) is not same with callingPid(14203)
06-14 13:43:31.100  1128  2626 E SmartFaceManager: Listener does not implements SmartFaceInfoListener2
